Microchip MPLAB XC8 Compiler V2.30

Linker command line:

-W-3 --edf=C:\Program Files\Microchip\xc8\v2.30\pic\dat\en_msgs.txt -cn \
  -h+dist/default/production\pic18f47q10-clc-ir-receiver-mplab.X.production.sym \
  --cmf=dist/default/production\pic18f47q10-clc-ir-receiver-mplab.X.production.cmf \
  -z -Q18F47Q10 -oC:\Users\I51005\AppData\Local\Temp\s22usx2 \
  --defsym=__MPLAB_BUILD=1 \
  -Mdist/default/production/pic18f47q10-clc-ir-receiver-mplab.X.production.map \
  -E1 -ver=XC8 Compiler --acfsm=1493 -ASTACK=0140h-0E1Eh -pstack=STACK \
  -ACODE=00h-01FFFFh -ACONST=00h-01FFFFh -ASMALLCONST=0F00h-0FFFhx497 \
  -AMEDIUMCONST=0F00h-0FFFFh,010F00h-01FFFFh -ACOMRAM=01h-05Fh \
  -AABS1=00h-0E1Eh -ABIGRAM=01h-0E1Eh \
  -ARAM=060h-0FFh,0100h-01FFhx13,0E00h-0E1Eh -ABANK0=060h-0FFh \
  -ABANK1=0100h-01FFh -ABANK2=0200h-02FFh -ABANK3=0300h-03FFh \
  -ABANK4=0400h-04FFh -ABANK5=0500h-05FFh -ABANK6=0600h-06FFh \
  -ABANK7=0700h-07FFh -ABANK8=0800h-08FFh -ABANK9=0900h-09FFh \
  -ABANK10=0A00h-0AFFh -ABANK11=0B00h-0BFFh -ABANK12=0C00h-0CFFh \
  -ABANK13=0D00h-0DFFh -ABANK14=0E00h-0E1Eh \
  -ASFR=0E1Fh-0EFFh,0F00h-0F5Fh,0F60h-0FFFh -ACONFIG=0300000h-030000Bh \
  -AIDLOC=0200000h-02000FFh -AEEDATA=0310000h-03103FFh -peeprom_data=EEDATA \
  -preset_vec=00h,intcode=08h,intcodelo,powerup,init -pramtop=0F00h \
  -psmallconst=SMALLCONST -pmediumconst=MEDIUMCONST -pconst=CONST \
  -AFARRAM=00h-00h \
  -prdata=COMRAM,nvrram=COMRAM,nvbit=COMRAM,rbss=COMRAM,rbit=COMRAM \
  -pfarbss=FARRAM,fardata=FARRAM,nvFARRAM=FARRAM \
  -pintsave_regs=BIGRAM,bigbss=BIGRAM,bigdata=BIGRAM -pbss=RAM \
  -pidata=CODE,irdata=CODE,ibigdata=CODE,ifardata=CODE -prparam=COMRAM \
  C:\Users\I51005\AppData\Local\Temp\s22usxd.o \
  dist/default/production\pic18f47q10-clc-ir-receiver-mplab.X.production.o 

Object code version is 3.11

Machine type is 18F47Q10



                Name                               Link     Load   Length Selector   Space Scale
C:\Users\I51005\AppData\Local\Temp\s22usxd.o
                idloc                            200000   200000      100        0       5
                config                           300000   300000        C        0       4
                init                                 76       76        4        4       0
                reset_vec                             0        0        4        0       0
dist/default/production\pic18f47q10-clc-ir-receiver-mplab.X.production.o
                intcode                               8        8       6E        4       0
                idloc                            200000   200000      100        0       5
                config                           300000   300000        C        0       4
                temp                                 58       58        1        1       1
                mediumconst                        FEF0     FEF0      110     7F78       0
                text80                            12190    12190        2     8000       0
                text79                            11F40    11F40       28     8000       0
                text78                            12046    12046       1C     8000       0
                text77                            11DA8    11DA8       32     8000       0
                text76                            12188    12188        4     8000       0
                text75                            120AA    120AA       18     8000       0
                text74                            1218E    1218E        2     8000       0
                text73                            11CDA    11CDA       36     8000       0
                text71                            11D10    11D10       34     8000       0
                text70                            11E3A    11E3A       30     8000       0
                text69                            12184    12184        4     8000       0
                text68                            1202A    1202A       1C     8000       0
                text67                            11B54    11B54       3A     8000       0
                text66                            11470    11470       B8     8000       0
                text65                            12170    12170        8     8000       0
                text64                            11D76    11D76       32     8000       0
                text63                            11D44    11D44       32     8000       0
                text62                            12144    12144        E     8000       0
                text61                            1170E    1170E       84     8000       0
                text60                            12092    12092       18     8000       0
                text59                            12104    12104       16     8000       0
                text58                            12136    12136        E     8000       0
                text57                            11678    11678       96     8000       0
                text56                            11F68    11F68       26     8000       0
                text55                            11C36    11C36       38     8000       0
                text54                            118FA    118FA       52     8000       0
                text53                            10C34    10C34      1A4     8000       0
                text52                            10DD8    10DD8      188     8000       0
                text51                            10F60    10F60      164     8000       0
                text50                            11A62    11A62       40     8000       0
                text49                            1218C    1218C        2     8000       0
                text48                            112E4    112E4       CA     8000       0
                text47                            119DC    119DC       44     8000       0
                text46                            11CA4    11CA4       36     8000       0
                text45                            113AE    113AE       C2     8000       0
                text44                            103BE    103BE      2DE     8000       0
                text43                            11ADE    11ADE       3C     8000       0
                text42                            11BFE    11BFE       38     8000       0
                text41                            11BC6    11BC6       38     8000       0
                text40                            117F8    117F8       5E     8000       0
                text39                            1069C    1069C      2D4     8000       0
                text38                            10000    10000      3BE     8000       0
                text37                            11792    11792       66     8000       0
                text36                            118A8    118A8       52     8000       0
                text35                            111F2    111F2       F2     8000       0
                text34                            11856    11856       52     8000       0
                text33                            110C4    110C4      12E     8000       0
                text32                            11FF0    11FF0       1E     8000       0
                text31                            12180    12180        4     8000       0
                text30                            11F18    11F18       28     8000       0
                text29                            11EF0    11EF0       28     8000       0
                text28                            12168    12168        8     8000       0
                text27                            120EE    120EE       16     8000       0
                text26                            1217C    1217C        4     8000       0
                text25                            11A20    11A20       42     8000       0
                text24                            10970    10970      2C4     8000       0
                text23                            11E6A    11E6A       2E     8000       0
                text22                            1215E    1215E        A     8000       0
                text21                            11B8E    11B8E       38     8000       0
                text20                            12128    12128        E     8000       0
                text19                            11E0A    11E0A       30     8000       0
                text18                            11EC4    11EC4       2C     8000       0
                text17                            11E98    11E98       2C     8000       0
                text16                            12178    12178        4     8000       0
                text15                            1207A    1207A       18     8000       0
                text14                            11528    11528       AA     8000       0
                text13                            1200E    1200E       1C     8000       0
                text12                            120D8    120D8       16     8000       0
                text11                            120C2    120C2       16     8000       0
                text10                            11F8E    11F8E       24     8000       0
                text9                             11C6E    11C6E       36     8000       0
                text8                             1211A    1211A        E     8000       0
                text7                             11DDA    11DDA       30     8000       0
                text6                             11FD2    11FD2       1E     8000       0
                text5                             12152    12152        C     8000       0
                text4                             12062    12062       18     8000       0
                text3                             11998    11998       44     8000       0
                text2                             115D2    115D2       A6     8000       0
                text1                             11B1A    11B1A       3A     8000       0
                text0                             11AA2    11AA2       3C     8000       0
                cstackCOMRAM                          1        1       52        1       1
                cstackBANK0                          60       60       47       60       1
                bssBANK1                            100      100       40      100       1
                dataBANK0                            D4       D4       20       60       1
                bssBANK0                             A7       A7       2D       60       1
                bssCOMRAM                            53       53        5        1       1
                cinit                             1194C    1194C       4C     8000       0
                nvBANK0                              F4       F4        8       60       1
                idataBANK0                        11FB2    11FB2       20     8000       0

TOTAL           Name                               Link     Load   Length     Space
        CLASS   STACK          

        CLASS   CODE           
                intcode                               8        8       6E         0
                init                                 76       76        4         0
                reset_vec                             0        0        4         0
                text80                            12190    12190        2         0
                text79                            11F40    11F40       28         0
                text78                            12046    12046       1C         0
                text77                            11DA8    11DA8       32         0
                text76                            12188    12188        4         0
                text75                            120AA    120AA       18         0
                text74                            1218E    1218E        2         0
                text73                            11CDA    11CDA       36         0
                text71                            11D10    11D10       34         0
                text70                            11E3A    11E3A       30         0
                text69                            12184    12184        4         0
                text68                            1202A    1202A       1C         0
                text67                            11B54    11B54       3A         0
                text66                            11470    11470       B8         0
                text65                            12170    12170        8         0
                text64                            11D76    11D76       32         0
                text63                            11D44    11D44       32         0
                text62                            12144    12144        E         0
                text61                            1170E    1170E       84         0
                text60                            12092    12092       18         0
                text59                            12104    12104       16         0
                text58                            12136    12136        E         0
                text57                            11678    11678       96         0
                text56                            11F68    11F68       26         0
                text55                            11C36    11C36       38         0
                text54                            118FA    118FA       52         0
                text53                            10C34    10C34      1A4         0
                text52                            10DD8    10DD8      188         0
                text51                            10F60    10F60      164         0
                text50                            11A62    11A62       40         0
                text49                            1218C    1218C        2         0
                text48                            112E4    112E4       CA         0
                text47                            119DC    119DC       44         0
                text46                            11CA4    11CA4       36         0
                text45                            113AE    113AE       C2         0
                text44                            103BE    103BE      2DE         0
                text43                            11ADE    11ADE       3C         0
                text42                            11BFE    11BFE       38         0
                text41                            11BC6    11BC6       38         0
                text40                            117F8    117F8       5E         0
                text39                            1069C    1069C      2D4         0
                text38                            10000    10000      3BE         0
                text37                            11792    11792       66         0
                text36                            118A8    118A8       52         0
                text35                            111F2    111F2       F2         0
                text34                            11856    11856       52         0
                text33                            110C4    110C4      12E         0
                text32                            11FF0    11FF0       1E         0
                text31                            12180    12180        4         0
                text30                            11F18    11F18       28         0
                text29                            11EF0    11EF0       28         0
                text28                            12168    12168        8         0
                text27                            120EE    120EE       16         0
                text26                            1217C    1217C        4         0
                text25                            11A20    11A20       42         0
                text24                            10970    10970      2C4         0
                text23                            11E6A    11E6A       2E         0
                text22                            1215E    1215E        A         0
                text21                            11B8E    11B8E       38         0
                text20                            12128    12128        E         0
                text19                            11E0A    11E0A       30         0
                text18                            11EC4    11EC4       2C         0
                text17                            11E98    11E98       2C         0
                text16                            12178    12178        4         0
                text15                            1207A    1207A       18         0
                text14                            11528    11528       AA         0
                text13                            1200E    1200E       1C         0
                text12                            120D8    120D8       16         0
                text11                            120C2    120C2       16         0
                text10                            11F8E    11F8E       24         0
                text9                             11C6E    11C6E       36         0
                text8                             1211A    1211A        E         0
                text7                             11DDA    11DDA       30         0
                text6                             11FD2    11FD2       1E         0
                text5                             12152    12152        C         0
                text4                             12062    12062       18         0
                text3                             11998    11998       44         0
                text2                             115D2    115D2       A6         0
                text1                             11B1A    11B1A       3A         0
                text0                             11AA2    11AA2       3C         0
                cinit                             1194C    1194C       4C         0
                idataBANK0                        11FB2    11FB2       20         0

        CLASS   CONST          

        CLASS   SMALLCONST     

        CLASS   MEDIUMCONST    
                mediumconst                        FEF0     FEF0      110         0

        CLASS   COMRAM         
                temp                                 58       58        1         1
                cstackCOMRAM                          1        1       52         1
                bssCOMRAM                            53       53        5         1

        CLASS   ABS1           

        CLASS   BIGRAM         

        CLASS   RAM            

        CLASS   BANK0          
                cstackBANK0                          60       60       47         1
                dataBANK0                            D4       D4       20         1
                bssBANK0                             A7       A7       2D         1
                nvBANK0                              F4       F4        8         1

        CLASS   BANK1          
                bssBANK1                            100      100       40         1

        CLASS   BANK2          

        CLASS   BANK3          

        CLASS   BANK4          

        CLASS   BANK5          

        CLASS   BANK6          

        CLASS   BANK7          

        CLASS   BANK8          

        CLASS   BANK9          

        CLASS   BANK10         

        CLASS   BANK11         

        CLASS   BANK12         

        CLASS   BANK13         

        CLASS   BANK14         

        CLASS   SFR            

        CLASS   CONFIG         
                config                           300000   300000        C         4

        CLASS   IDLOC          
                idloc                            200000   200000      100         5

        CLASS   EEDATA         

        CLASS   FARRAM         



SEGMENTS        Name                           Load    Length   Top    Selector   Space  Class

                reset_vec                      000000  000004  000004         0       0  CODE    
                cstackCOMRAM                   000001  000058  000059         1       1  COMRAM  
                intcode                        000008  000072  00007A         4       0  CODE    
                cstackBANK0                    000060  00009C  0000FC        60       1  BANK0   
                bssBANK1                       000100  000040  000140       100       1  BANK1   
                mediumconst                    00FEF0  000110  010000      7F78       0  MEDIUMCO
                text38                         010000  002192  012192      8000       0  CODE    


UNUSED ADDRESS RANGES

        Name                Unused          Largest block    Delta
        BANK0            0000FC-0000FF                4
        BANK1            000140-0001FF               C0
        BANK10           000A00-000AFF              100
        BANK11           000B00-000BFF              100
        BANK12           000C00-000CFF              100
        BANK13           000D00-000DFF              100
        BANK14           000E00-000E1E               1F
        BANK2            000200-0002FF              100
        BANK3            000300-0003FF              100
        BANK4            000400-0004FF              100
        BANK5            000500-0005FF              100
        BANK6            000600-0006FF              100
        BANK7            000700-0007FF              100
        BANK8            000800-0008FF              100
        BANK9            000900-0009FF              100
        BIGRAM           000059-00005F                7
                         0000FC-0000FF                4
                         000140-000E1E              CDF
        CODE             000004-000007                4
                         00007A-00FEEF             FE76
                         012192-01FFFF             DE6E
        COMRAM           000059-00005F                7
        CONST            000004-000007                4
                         00007A-00FEEF             FE76
                         012192-01FFFF             DE6E
        EEDATA           310000-3103FF              400
        MEDIUMCONST      000F00-00FEEF             EFF0
                         012192-01FFFF             DE6E
        RAM              0000FC-0000FF                4
                         000140-000E1E              100
        SFR              000E1F-000FFF               E1
        SMALLCONST       000F00-00FEEF              100
                         012192-01FFFF              100
        STACK            000140-000E1E              CDF

                                  Symbol Table

?___aodiv                                 cstackCOMRAM 000007
?___aomod                                 cstackCOMRAM 000007
?___wmul                                  cstackCOMRAM 000007
?_abs                                     cstackCOMRAM 000019
?_atoi                                    cstackCOMRAM 00000E
?_dtoa                                    cstackCOMRAM 000022
?_isalpha                                 cstackCOMRAM 000007
?_isdigit                                 cstackCOMRAM 000007
?_islower                                 cstackCOMRAM 000007
?_isspace                                 cstackCOMRAM 000007
?_isupper                                 cstackCOMRAM 000007
?_pad                                     cstackCOMRAM 000017
?_sprintf                                 cstackBANK0  00007B
?_strlen                                  cstackCOMRAM 000007
?_toupper                                 cstackCOMRAM 00000D
?_vfpfcnvrt                               cstackCOMRAM 000049
?_vfprintf                                cstackBANK0  000073
?_xtoa                                    cstackCOMRAM 000022
ApplicationTask@appState                  bssBANK0     0000B1
ApplicationTask@cmd_status                cstackBANK0  0000A6
ApplicationTask@rxCommand                 cstackBANK0  0000A5
CCP1_CaptureISR@module                    cstackCOMRAM 000003
CCP1_DefaultCallBack@capturedValue        cstackCOMRAM 000001
CCP1_SetCallBack@customCallBack           cstackCOMRAM 000007
ControlAction@cmd                         cstackBANK0  0000A2
ControlAction@displayString1              cstackBANK0  00008F
ControlAction@duty                        cstackBANK0  0000A1
ControlAction@dutyCycleValIndex           cstackBANK0  0000A0
DELAY_milliseconds@milliseconds           cstackCOMRAM 000007
DecodeCmd@count                           cstackCOMRAM 00000E
DecodeCmd@retVal                          cstackCOMRAM 00000D
DecodeCmd@rxAddr                          cstackCOMRAM 00000C
PWM3_LoadDutyValue@dutyValue              cstackCOMRAM 000007
Reverse@byteVar                           cstackCOMRAM 000009
SPI1_ExchangeByte@data                    cstackCOMRAM 000007
SPI1_Open@spi1UniqueConfiguration         cstackCOMRAM 000008
SPI1_WriteBlock@block                     cstackCOMRAM 000008
SPI1_WriteBlock@blockSize                 cstackCOMRAM 00000A
SPI1_WriteBlock@data                      cstackCOMRAM 00000C
TMR1_WriteTimer@timerVal                  cstackCOMRAM 000007
TMR2_SetInterruptHandler@InterruptHandler cstackCOMRAM 000007
_ANSELA                                   (abs)        000F0C
_ANSELB                                   (abs)        000F14
_ANSELC                                   (abs)        000F1C
_ANSELD                                   (abs)        000F21
_ANSELE                                   (abs)        000F29
_ApplicationTask                          text24       010970
_CCP1CAP                                  (abs)        000FAC
_CCP1CON                                  (abs)        000FAB
_CCP1CONbits                              (abs)        000FAB
_CCP1PPS                                  (abs)        000EAA
_CCP1_CallBack                            nvBANK0      0000F7
_CCP1_CaptureISR                          text77       011DA8
_CCP1_DefaultCallBack                     text80       012190
_CCP1_Initialize                          text19       011E0A
_CCP1_SetCallBack                         text20       012128
_CCP1_UserInterruptHandler                text78       012046
_CCP2CON                                  (abs)        000FA7
_CCP2CONbits                              (abs)        000FA7
_CCPR1                                    (abs)        000FA9
_CCPR1H                                   (abs)        000FAA
_CCPR1L                                   (abs)        000FA9
_CCPR2H                                   (abs)        000FA6
_CCPR2L                                   (abs)        000FA5
_CCPTMRSbits                              (abs)        000FAD
_CLC1CON                                  (abs)        000E27
_CLC1CONbits                              (abs)        000E27
_CLC1GLS0                                 (abs)        000E2D
_CLC1GLS1                                 (abs)        000E2E
_CLC1GLS2                                 (abs)        000E2F
_CLC1GLS3                                 (abs)        000E30
_CLC1POL                                  (abs)        000E28
_CLC1SEL0                                 (abs)        000E29
_CLC1SEL1                                 (abs)        000E2A
_CLC1SEL2                                 (abs)        000E2B
_CLC1SEL3                                 (abs)        000E2C
_CLC1_Initialize                          text18       011EC4
_CLC3CON                                  (abs)        000E3B
_CLC3CONbits                              (abs)        000E3B
_CLC3GLS0                                 (abs)        000E41
_CLC3GLS1                                 (abs)        000E42
_CLC3GLS2                                 (abs)        000E43
_CLC3GLS3                                 (abs)        000E44
_CLC3POL                                  (abs)        000E3C
_CLC3SEL0                                 (abs)        000E3D
_CLC3SEL1                                 (abs)        000E3E
_CLC3SEL2                                 (abs)        000E3F
_CLC3SEL3                                 (abs)        000E40
_CLC3_Initialize                          text17       011E98
_CLCIN0PPS                                (abs)        000E1F
_ControlAction                            text35       0111F2
_DELAY_milliseconds                       text70       011E3A
_DecodeCmd                                text33       0110C4
_DisableCapture                           text29       011EF0
_GetEvent                                 text32       011FF0
_INLVLA                                   (abs)        000F08
_INLVLB                                   (abs)        000F10
_INLVLC                                   (abs)        000F18
_INLVLD                                   (abs)        000F1D
_INLVLE                                   (abs)        000F25
_INTCONbits                               (abs)        000FF2
_INTERRUPT_Initialize                     text16       012178
_INTERRUPT_InterruptManager               intcode      000008
_IR_data                                  bssBANK0     0000A7
_Init4nextFrame                           text28       012168
_Init_display                             text21       011B8E
_LATA                                     (abs)        000F82
_LATAbits                                 (abs)        000F82
_LATB                                     (abs)        000F83
_LATC                                     (abs)        000F84
_LATD                                     (abs)        000F85
_LATDbits                                 (abs)        000F85
_LATE                                     (abs)        000F86
_LCD_open                                 text65       012170
_ODCONA                                   (abs)        000F0A
_ODCONB                                   (abs)        000F12
_ODCONC                                   (abs)        000F1A
_ODCOND                                   (abs)        000F1F
_ODCONE                                   (abs)        000F27
_OSCCON1                                  (abs)        000ED3
_OSCCON3                                  (abs)        000ED5
_OSCEN                                    (abs)        000ED7
_OSCFRQ                                   (abs)        000ED9
_OSCILLATOR_Initialize                    text15       01207A
_OSCTUNE                                  (abs)        000ED8
_PIE4bits                                 (abs)        000EC1
_PIE6bits                                 (abs)        000EC3
_PIN_MANAGER_Initialize                   text14       011528
_PIR3bits                                 (abs)        000EC8
_PIR4bits                                 (abs)        000EC9
_PIR6bits                                 (abs)        000ECB
_PMD0                                     (abs)        000EDC
_PMD1                                     (abs)        000EDD
_PMD2                                     (abs)        000EDE
_PMD3                                     (abs)        000EDF
_PMD4                                     (abs)        000EE0
_PMD5                                     (abs)        000EE1
_PMD_Initialize                           text13       01200E
_PORTAbits                                (abs)        000F8C
_PR2                                      (abs)        000FBB
_PR4                                      (abs)        000FB5
_PWM2_Initialize                          text12       0120D8
_PWM3CON                                  (abs)        000FA4
_PWM3DCH                                  (abs)        000FA3
_PWM3DCL                                  (abs)        000FA2
_PWM3_Initialize                          text11       0120C2
_PWM3_LoadDutyValue                       text71       011D10
_RA3PPS                                   (abs)        000EE5
_RC0PPS                                   (abs)        000EF2
_RC2PPS                                   (abs)        000EF4
_RC4PPS                                   (abs)        000EF6
_RC6PPS                                   (abs)        000EF8
_RD1PPS                                   (abs)        000EFB
_Reverse                                  text34       011856
_SLRCONA                                  (abs)        000F09
_SLRCONB                                  (abs)        000F11
_SLRCONC                                  (abs)        000F19
_SLRCOND                                  (abs)        000F1E
_SLRCONE                                  (abs)        000F26
_SPI1_Close                               text69       012184
_SPI1_ExchangeBlock                       (abs)        000000
_SPI1_ExchangeByte                        text68       01202A
_SPI1_Initialize                          text10       011F8E
_SPI1_Open                                text66       011470
_SPI1_ReadBlock                           (abs)        000000
_SPI1_ReadByte                            (abs)        000000
_SPI1_WriteBlock                          text67       011B54
_SPI1_WriteByte                           (abs)        000000
_SSP1ADD                                  (abs)        000F92
_SSP1BUF                                  (abs)        000F91
_SSP1CLKPPS                               (abs)        000EB2
_SSP1CON1                                 (abs)        000F95
_SSP1CON1bits                             (abs)        000F95
_SSP1CON2                                 (abs)        000F96
_SSP1DATPPS                               (abs)        000EB3
_SSP1STAT                                 (abs)        000F94
_SYSTEM_Initialize                        text1        011B1A
_T1CLK                                    (abs)        000FD1
_T1CON                                    (abs)        000FCE
_T1CONbits                                (abs)        000FCE
_T1GATE                                   (abs)        000FD0
_T1GCON                                   (abs)        000FCF
_T1GCONbits                               (abs)        000FCF
_T2CLKCON                                 (abs)        000FBE
_T2CON                                    (abs)        000FBC
_T2CONbits                                (abs)        000FBC
_T2HLT                                    (abs)        000FBD
_T2HLTbits                                (abs)        000FBD
_T2INPPS                                  (abs)        000EA6
_T2PR                                     (abs)        000FBB
_T2RST                                    (abs)        000FBF
_T2RSTbits                                (abs)        000FBF
_T2TMR                                    (abs)        000FBA
_T4CLKCON                                 (abs)        000FB8
_T4CON                                    (abs)        000FB6
_T4CONbits                                (abs)        000FB6
_T4HLT                                    (abs)        000FB7
_T4HLTbits                                (abs)        000FB7
_T4PR                                     (abs)        000FB5
_T4RST                                    (abs)        000FB9
_T4RSTbits                                (abs)        000FB9
_T4TMR                                    (abs)        000FB4
_TMR1H                                    (abs)        000FCD
_TMR1L                                    (abs)        000FCC
_TMR1_HasOverflowOccured                  text27       0120EE
_TMR1_Initialize                          text9        011C6E
_TMR1_StartTimer                          text26       01217C
_TMR1_StopTimer                           text31       012180
_TMR1_WriteTimer                          text30       011F18
_TMR2                                     (abs)        000FBA
_TMR2_DefaultInterruptHandler             text74       01218E
_TMR2_ISR                                 text73       011CDA
_TMR2_Initialize                          text7        011DDA
_TMR2_InterruptHandler                    nvBANK0      0000F4
_TMR2_SetInterruptHandler                 text8        01211A
_TMR2_Stop                                text76       012188
_TMR2_UserInterruptHandler                text75       0120AA
_TMR4                                     (abs)        000FB4
_TMR4_Initialize                          text6        011FD2
_TRISA                                    (abs)        000F87
_TRISB                                    (abs)        000F88
_TRISC                                    (abs)        000F89
_TRISCbits                                (abs)        000F89
_TRISD                                    (abs)        000F8A
_TRISE                                    (abs)        000F8B
_WPUA                                     (abs)        000F0B
_WPUB                                     (abs)        000F13
_WPUC                                     (abs)        000F1B
_WPUD                                     (abs)        000F20
_WPUE                                     (abs)        000F28
__HRAM                                    (abs)        000000
__Habs1                                   abs1         000000
__Hbank0                                  bank0        000000
__Hbank1                                  bank1        000000
__Hbank10                                 bank10       000000
__Hbank11                                 bank11       000000
__Hbank12                                 bank12       000000
__Hbank13                                 bank13       000000
__Hbank14                                 bank14       000000
__Hbank2                                  bank2        000000
__Hbank3                                  bank3        000000
__Hbank4                                  bank4        000000
__Hbank5                                  bank5        000000
__Hbank6                                  bank6        000000
__Hbank7                                  bank7        000000
__Hbank8                                  bank8        000000
__Hbank9                                  bank9        000000
__Hbigbss                                 bigbss       000000
__Hbigdata                                bigdata      000000
__Hbigram                                 bigram       000000
__Hbss                                    bss          000000
__HbssBANK0                               bssBANK0     000000
__HbssBANK1                               bssBANK1     000000
__HbssCOMRAM                              bssCOMRAM    000000
__Hcinit                                  cinit        000000
__Hclrtext                                clrtext      000000
__Hcomram                                 comram       000000
__Hconfig                                 config       30000C
__Hconst                                  const        000000
__HcstackBANK0                            cstackBANK0  000000
__HcstackCOMRAM                           cstackCOMRAM 000000
__Hdata                                   data         000000
__HdataBANK0                              dataBANK0    000000
__Heeprom_data                            eeprom_data  000000
__Hfarbss                                 farbss       000000
__Hfardata                                fardata      000000
__Hibigdata                               ibigdata     000000
__Hidata                                  idata        000000
__HidataBANK0                             idataBANK0   000000
__Hidloc                                  idloc        200100
__Hifardata                               ifardata     000000
__Hinit                                   init         00007A
__Hintcode                                intcode      000076
__Hintcode_body                           intcode_body 000000
__Hintcodelo                              intcodelo    000076
__Hintentry                               intentry     000000
__Hintret                                 intret       000000
__Hintsave_regs                           intsave_regs 000000
__Hirdata                                 irdata       000000
__Hmediumconst                            mediumconst  010000
__HnvBANK0                                nvBANK0      000000
__HnvFARRAM                               nvFARRAM     000000
__Hnvbit                                  nvbit        000000
__Hnvrram                                 nvrram       000000
__Hparam                                  rparam       000000
__Hpowerup                                powerup      000076
__Hram                                    ram          000000
__Hramtop                                 ramtop       000F00
__Hrbit                                   rbit         000000
__Hrbss                                   rbss         000000
__Hrdata                                  rdata        000000
__Hreset_vec                              reset_vec    000004
__Hrparam                                 rparam       000000
__Hsfr                                    sfr          000000
__Hsmallconst                             smallconst   000000
__Hspace_0                                (abs)        012192
__Hspace_1                                (abs)        000140
__Hspace_2                                (abs)        000000
__Hspace_4                                (abs)        60000C
__Hstack                                  stack        000000
__Hstruct                                 struct       000000
__Htemp                                   temp         000059
__Htext                                   text         000000
__Htext0                                  text0        000000
__Htext1                                  text1        000000
__Htext10                                 text10       000000
__Htext11                                 text11       000000
__Htext12                                 text12       000000
__Htext13                                 text13       000000
__Htext14                                 text14       000000
__Htext15                                 text15       000000
__Htext16                                 text16       000000
__Htext17                                 text17       000000
__Htext18                                 text18       000000
__Htext19                                 text19       000000
__Htext2                                  text2        000000
__Htext20                                 text20       000000
__Htext21                                 text21       000000
__Htext22                                 text22       000000
__Htext23                                 text23       000000
__Htext24                                 text24       000000
__Htext25                                 text25       000000
__Htext26                                 text26       000000
__Htext27                                 text27       000000
__Htext28                                 text28       000000
__Htext29                                 text29       000000
__Htext3                                  text3        000000
__Htext30                                 text30       000000
__Htext31                                 text31       000000
__Htext32                                 text32       000000
__Htext33                                 text33       000000
__Htext34                                 text34       000000
__Htext35                                 text35       000000
__Htext36                                 text36       000000
__Htext37                                 text37       000000
__Htext38                                 text38       000000
__Htext39                                 text39       000000
__Htext4                                  text4        000000
__Htext40                                 text40       000000
__Htext41                                 text41       000000
__Htext42                                 text42       000000
__Htext43                                 text43       000000
__Htext44                                 text44       000000
__Htext45                                 text45       000000
__Htext46                                 text46       000000
__Htext47                                 text47       000000
__Htext48                                 text48       000000
__Htext49                                 text49       000000
__Htext5                                  text5        000000
__Htext50                                 text50       000000
__Htext51                                 text51       000000
__Htext52                                 text52       000000
__Htext53                                 text53       000000
__Htext54                                 text54       000000
__Htext55                                 text55       000000
__Htext56                                 text56       000000
__Htext57                                 text57       000000
__Htext58                                 text58       000000
__Htext59                                 text59       000000
__Htext6                                  text6        000000
__Htext60                                 text60       000000
__Htext61                                 text61       000000
__Htext62                                 text62       000000
__Htext63                                 text63       000000
__Htext64                                 text64       000000
__Htext65                                 text65       000000
__Htext66                                 text66       000000
__Htext67                                 text67       000000
__Htext68                                 text68       000000
__Htext69                                 text69       000000
__Htext7                                  text7        000000
__Htext70                                 text70       000000
__Htext71                                 text71       000000
__Htext73                                 text73       000000
__Htext74                                 text74       000000
__Htext75                                 text75       000000
__Htext76                                 text76       000000
__Htext77                                 text77       000000
__Htext78                                 text78       000000
__Htext79                                 text79       000000
__Htext8                                  text8        000000
__Htext80                                 text80       000000
__Htext81                                 text81       000000
__Htext9                                  text9        000000
__LRAM                                    (abs)        000001
__Labs1                                   abs1         000000
__Lbank0                                  bank0        000000
__Lbank1                                  bank1        000000
__Lbank10                                 bank10       000000
__Lbank11                                 bank11       000000
__Lbank12                                 bank12       000000
__Lbank13                                 bank13       000000
__Lbank14                                 bank14       000000
__Lbank2                                  bank2        000000
__Lbank3                                  bank3        000000
__Lbank4                                  bank4        000000
__Lbank5                                  bank5        000000
__Lbank6                                  bank6        000000
__Lbank7                                  bank7        000000
__Lbank8                                  bank8        000000
__Lbank9                                  bank9        000000
__Lbigbss                                 bigbss       000000
__Lbigdata                                bigdata      000000
__Lbigram                                 bigram       000000
__Lbss                                    bss          000000
__LbssBANK0                               bssBANK0     000000
__LbssBANK1                               bssBANK1     000000
__LbssCOMRAM                              bssCOMRAM    000000
__Lcinit                                  cinit        000000
__Lclrtext                                clrtext      000000
__Lcomram                                 comram       000000
__Lconfig                                 config       000000
__Lconst                                  const        000000
__LcstackBANK0                            cstackBANK0  000000
__LcstackCOMRAM                           cstackCOMRAM 000000
__Ldata                                   data         000000
__LdataBANK0                              dataBANK0    000000
__Leeprom_data                            eeprom_data  000000
__Lfarbss                                 farbss       000000
__Lfardata                                fardata      000000
__Libigdata                               ibigdata     000000
__Lidata                                  idata        000000
__LidataBANK0                             idataBANK0   000000
__Lidloc                                  idloc        000000
__Lifardata                               ifardata     000000
__Linit                                   init         000076
__Lintcode                                intcode      000008
__Lintcode_body                           intcode_body 000000
__Lintcodelo                              intcodelo    000076
__Lintentry                               intentry     000000
__Lintret                                 intret       000000
__Lintsave_regs                           intsave_regs 000000
__Lirdata                                 irdata       000000
__Lmediumconst                            mediumconst  00FEF0
__LnvBANK0                                nvBANK0      000000
__LnvFARRAM                               nvFARRAM     000000
__Lnvbit                                  nvbit        000000
__Lnvrram                                 nvrram       000000
__Lparam                                  rparam       000000
__Lpowerup                                powerup      000076
__Lram                                    ram          000000
__Lramtop                                 ramtop       000F00
__Lrbit                                   rbit         000000
__Lrbss                                   rbss         000000
__Lrdata                                  rdata        000000
__Lreset_vec                              reset_vec    000000
__Lrparam                                 rparam       000000
__Lsfr                                    sfr          000000
__Lsmallconst                             smallconst   000000
__Lspace_0                                (abs)        000000
__Lspace_1                                (abs)        000000
__Lspace_2                                (abs)        000000
__Lspace_4                                (abs)        000000
__Lstack                                  stack        000000
__Lstruct                                 struct       000000
__Ltemp                                   temp         000058
__Ltext                                   text         000000
__Ltext0                                  text0        000000
__Ltext1                                  text1        000000
__Ltext10                                 text10       000000
__Ltext11                                 text11       000000
__Ltext12                                 text12       000000
__Ltext13                                 text13       000000
__Ltext14                                 text14       000000
__Ltext15                                 text15       000000
__Ltext16                                 text16       000000
__Ltext17                                 text17       000000
__Ltext18                                 text18       000000
__Ltext19                                 text19       000000
__Ltext2                                  text2        000000
__Ltext20                                 text20       000000
__Ltext21                                 text21       000000
__Ltext22                                 text22       000000
__Ltext23                                 text23       000000
__Ltext24                                 text24       000000
__Ltext25                                 text25       000000
__Ltext26                                 text26       000000
__Ltext27                                 text27       000000
__Ltext28                                 text28       000000
__Ltext29                                 text29       000000
__Ltext3                                  text3        000000
__Ltext30                                 text30       000000
__Ltext31                                 text31       000000
__Ltext32                                 text32       000000
__Ltext33                                 text33       000000
__Ltext34                                 text34       000000
__Ltext35                                 text35       000000
__Ltext36                                 text36       000000
__Ltext37                                 text37       000000
__Ltext38                                 text38       000000
__Ltext39                                 text39       000000
__Ltext4                                  text4        000000
__Ltext40                                 text40       000000
__Ltext41                                 text41       000000
__Ltext42                                 text42       000000
__Ltext43                                 text43       000000
__Ltext44                                 text44       000000
__Ltext45                                 text45       000000
__Ltext46                                 text46       000000
__Ltext47                                 text47       000000
__Ltext48                                 text48       000000
__Ltext49                                 text49       000000
__Ltext5                                  text5        000000
__Ltext50                                 text50       000000
__Ltext51                                 text51       000000
__Ltext52                                 text52       000000
__Ltext53                                 text53       000000
__Ltext54                                 text54       000000
__Ltext55                                 text55       000000
__Ltext56                                 text56       000000
__Ltext57                                 text57       000000
__Ltext58                                 text58       000000
__Ltext59                                 text59       000000
__Ltext6                                  text6        000000
__Ltext60                                 text60       000000
__Ltext61                                 text61       000000
__Ltext62                                 text62       000000
__Ltext63                                 text63       000000
__Ltext64                                 text64       000000
__Ltext65                                 text65       000000
__Ltext66                                 text66       000000
__Ltext67                                 text67       000000
__Ltext68                                 text68       000000
__Ltext69                                 text69       000000
__Ltext7                                  text7        000000
__Ltext70                                 text70       000000
__Ltext71                                 text71       000000
__Ltext73                                 text73       000000
__Ltext74                                 text74       000000
__Ltext75                                 text75       000000
__Ltext76                                 text76       000000
__Ltext77                                 text77       000000
__Ltext78                                 text78       000000
__Ltext79                                 text79       000000
__Ltext8                                  text8        000000
__Ltext80                                 text80       000000
__Ltext81                                 text81       000000
__Ltext9                                  text9        000000
__S0                                      (abs)        012192
__S1                                      (abs)        000140
__S2                                      (abs)        000000
__S4                                      (abs)        000000
__S5                                      (abs)        000000
___aodiv                                  text52       010DD8
___aodiv@counter                          cstackCOMRAM 000017
___aodiv@dividend                         cstackCOMRAM 000007
___aodiv@divisor                          cstackCOMRAM 00000F
___aodiv@quotient                         cstackCOMRAM 000019
___aodiv@sign                             cstackCOMRAM 000018
___aomod                                  text51       010F60
___aomod@counter                          cstackCOMRAM 000017
___aomod@dividend                         cstackCOMRAM 000007
___aomod@divisor                          cstackCOMRAM 00000F
___aomod@sign                             cstackCOMRAM 000018
___inthi_sp                               stack        000000
___intlo_sp                               stack        000000
___param_bank                             (abs)        000000
___rparam_used                            (abs)        000001
___sp                                     stack        000000
___wmul                                   text56       011F68
___wmul@multiplicand                      cstackCOMRAM 000009
___wmul@multiplier                        cstackCOMRAM 000007
___wmul@product                           cstackCOMRAM 00000B
__accesstop                               (abs)        000060
__activetblptr                            (abs)        000003
__end_of_ApplicationTask                  text24       010C34
__end_of_CCP1_CaptureISR                  text77       011DDA
__end_of_CCP1_DefaultCallBack             text80       012192
__end_of_CCP1_Initialize                  text19       011E3A
__end_of_CCP1_SetCallBack                 text20       012136
__end_of_CCP1_UserInterruptHandler        text78       012062
__end_of_CLC1_Initialize                  text18       011EF0
__end_of_CLC3_Initialize                  text17       011EC4
__end_of_ControlAction                    text35       0112E4
__end_of_DELAY_milliseconds               text70       011E6A
__end_of_DecodeCmd                        text33       0111F2
__end_of_DisableCapture                   text29       011F18
__end_of_GetEvent                         text32       01200E
__end_of_INTERRUPT_Initialize             text16       01217C
__end_of_INTERRUPT_InterruptManager       intcode      000076
__end_of_Init4nextFrame                   text28       012170
__end_of_Init_display                     text21       011BC6
__end_of_LCD_open                         text65       012178
__end_of_OSCILLATOR_Initialize            text15       012092
__end_of_PIN_MANAGER_Initialize           text14       0115D2
__end_of_PMD_Initialize                   text13       01202A
__end_of_PWM2_Initialize                  text12       0120EE
__end_of_PWM3_Initialize                  text11       0120D8
__end_of_PWM3_LoadDutyValue               text71       011D44
__end_of_Reverse                          text34       0118A8
__end_of_SPI1_Close                       text69       012188
__end_of_SPI1_ExchangeByte                text68       012046
__end_of_SPI1_Initialize                  text10       011FB2
__end_of_SPI1_Open                        text66       011528
__end_of_SPI1_WriteBlock                  text67       011B8E
__end_of_SYSTEM_Initialize                text1        011B54
__end_of_TMR1_HasOverflowOccured          text27       012104
__end_of_TMR1_Initialize                  text9        011CA4
__end_of_TMR1_StartTimer                  text26       012180
__end_of_TMR1_StopTimer                   text31       012184
__end_of_TMR1_WriteTimer                  text30       011F40
__end_of_TMR2_DefaultInterruptHandler     text74       012190
__end_of_TMR2_ISR                         text73       011D10
__end_of_TMR2_Initialize                  text7        011E0A
__end_of_TMR2_SetInterruptHandler         text8        012128
__end_of_TMR2_Stop                        text76       01218C
__end_of_TMR2_UserInterruptHandler        text75       0120C2
__end_of_TMR4_Initialize                  text6        011FF0
__end_of___aodiv                          text52       010F60
__end_of___aomod                          text51       0110C4
__end_of___wmul                           text56       011F8E
__end_of__initialization                  cinit        01198E
__end_of_abs                              text50       011AA2
__end_of_atoi                             text53       010DD8
__end_of_check4Start                      text25       011A62
__end_of_digipot_setWiper                 text23       011E98
__end_of_dtoa                             text44       01069C
__end_of_dutyCycleValArr                  mediumconst  00FF17
__end_of_expander_sendByte                text63       011D76
__end_of_expander_setOutput               text62       012152
__end_of_expander_setup                   text5        01215E
__end_of_fputc                            text48       0113AE
__end_of_fputs                            text47       011A20
__end_of_isalpha                          text43       011B1A
__end_of_isdigit                          text55       011C6E
__end_of_islower                          text41       011BFE
__end_of_isspace                          text54       01194C
__end_of_isupper                          text42       011C36
__end_of_lcd_clearDisplay                 text4        01207A
__end_of_lcd_returnHome                   text60       0120AA
__end_of_lcd_sendByte                     text61       011792
__end_of_lcd_sendNibble                   text3        0119DC
__end_of_lcd_setAddr                      text59       01211A
__end_of_lcd_setContrast                  text22       012168
__end_of_lcd_setup                        text2        011678
__end_of_lcd_writeChar                    text58       012144
__end_of_lcd_writeString                  text57       01170E
__end_of_main                             text0        011ADE
__end_of_pad                              text45       011470
__end_of_putch                            text49       01218E
__end_of_spi1_configuration               mediumconst  00FF1F
__end_of_spiMaster                        mediumconst  00FF0F
__end_of_spi_master_open                  text64       011DA8
__end_of_sprintf                          text36       0118FA
__end_of_strlen                           text46       011CDA
__end_of_toupper                          text40       011856
__end_of_vfpfcnvrt                        text38       0103BE
__end_of_vfprintf                         text37       0117F8
__end_of_xtoa                             text39       010970
__end_ofi2_TMR1_WriteTimer                text79       011F68
__initialization                          cinit        01194C
__mediumconst                             mediumconst  00FEF0
__pbssBANK0                               bssBANK0     0000A7
__pbssBANK1                               bssBANK1     000100
__pbssCOMRAM                              bssCOMRAM    000053
__pcinit                                  cinit        01194C
__pcstackBANK0                            cstackBANK0  000060
__pcstackCOMRAM                           cstackCOMRAM 000001
__pdataBANK0                              dataBANK0    0000D4
__pidataBANK0                             idataBANK0   011FB2
__pintcode                                intcode      000008
__pmediumconst                            mediumconst  00FEF0
__pnvBANK0                                nvBANK0      0000F4
__ptext0                                  text0        011AA2
__ptext1                                  text1        011B1A
__ptext10                                 text10       011F8E
__ptext11                                 text11       0120C2
__ptext12                                 text12       0120D8
__ptext13                                 text13       01200E
__ptext14                                 text14       011528
__ptext15                                 text15       01207A
__ptext16                                 text16       012178
__ptext17                                 text17       011E98
__ptext18                                 text18       011EC4
__ptext19                                 text19       011E0A
__ptext2                                  text2        0115D2
__ptext20                                 text20       012128
__ptext21                                 text21       011B8E
__ptext22                                 text22       01215E
__ptext23                                 text23       011E6A
__ptext24                                 text24       010970
__ptext25                                 text25       011A20
__ptext26                                 text26       01217C
__ptext27                                 text27       0120EE
__ptext28                                 text28       012168
__ptext29                                 text29       011EF0
__ptext3                                  text3        011998
__ptext30                                 text30       011F18
__ptext31                                 text31       012180
__ptext32                                 text32       011FF0
__ptext33                                 text33       0110C4
__ptext34                                 text34       011856
__ptext35                                 text35       0111F2
__ptext36                                 text36       0118A8
__ptext37                                 text37       011792
__ptext38                                 text38       010000
__ptext39                                 text39       01069C
__ptext4                                  text4        012062
__ptext40                                 text40       0117F8
__ptext41                                 text41       011BC6
__ptext42                                 text42       011BFE
__ptext43                                 text43       011ADE
__ptext44                                 text44       0103BE
__ptext45                                 text45       0113AE
__ptext46                                 text46       011CA4
__ptext47                                 text47       0119DC
__ptext48                                 text48       0112E4
__ptext49                                 text49       01218C
__ptext5                                  text5        012152
__ptext50                                 text50       011A62
__ptext51                                 text51       010F60
__ptext52                                 text52       010DD8
__ptext53                                 text53       010C34
__ptext54                                 text54       0118FA
__ptext55                                 text55       011C36
__ptext56                                 text56       011F68
__ptext57                                 text57       011678
__ptext58                                 text58       012136
__ptext59                                 text59       012104
__ptext6                                  text6        011FD2
__ptext60                                 text60       012092
__ptext61                                 text61       01170E
__ptext62                                 text62       012144
__ptext63                                 text63       011D44
__ptext64                                 text64       011D76
__ptext65                                 text65       012170
__ptext66                                 text66       011470
__ptext67                                 text67       011B54
__ptext68                                 text68       01202A
__ptext69                                 text69       012184
__ptext7                                  text7        011DDA
__ptext70                                 text70       011E3A
__ptext71                                 text71       011D10
__ptext73                                 text73       011CDA
__ptext74                                 text74       01218E
__ptext75                                 text75       0120AA
__ptext76                                 text76       012188
__ptext77                                 text77       011DA8
__ptext78                                 text78       012046
__ptext79                                 text79       011F40
__ptext8                                  text8        01211A
__ptext80                                 text80       012190
__ptext81                                 text81       000000
__ptext9                                  text9        011C6E
__ramtop                                  ramtop       000F00
__size_of_ApplicationTask                 (abs)        000000
__size_of_CCP1_CaptureISR                 (abs)        000000
__size_of_CCP1_DefaultCallBack            (abs)        000000
__size_of_CCP1_Initialize                 (abs)        000000
__size_of_CCP1_SetCallBack                (abs)        000000
__size_of_CCP1_UserInterruptHandler       (abs)        000000
__size_of_CLC1_Initialize                 (abs)        000000
__size_of_CLC3_Initialize                 (abs)        000000
__size_of_ControlAction                   (abs)        000000
__size_of_DELAY_milliseconds              (abs)        000000
__size_of_DecodeCmd                       (abs)        000000
__size_of_DisableCapture                  (abs)        000000
__size_of_GetEvent                        (abs)        000000
__size_of_INTERRUPT_Initialize            (abs)        000000
__size_of_INTERRUPT_InterruptManager      (abs)        000000
__size_of_Init4nextFrame                  (abs)        000000
__size_of_Init_display                    (abs)        000000
__size_of_LCD_open                        (abs)        000000
__size_of_OSCILLATOR_Initialize           (abs)        000000
__size_of_PIN_MANAGER_Initialize          (abs)        000000
__size_of_PMD_Initialize                  (abs)        000000
__size_of_PWM2_Initialize                 (abs)        000000
__size_of_PWM3_Initialize                 (abs)        000000
__size_of_PWM3_LoadDutyValue              (abs)        000000
__size_of_Reverse                         (abs)        000000
__size_of_SPI1_Close                      (abs)        000000
__size_of_SPI1_ExchangeByte               (abs)        000000
__size_of_SPI1_Initialize                 (abs)        000000
__size_of_SPI1_Open                       (abs)        000000
__size_of_SPI1_WriteBlock                 (abs)        000000
__size_of_SYSTEM_Initialize               (abs)        000000
__size_of_TMR1_HasOverflowOccured         (abs)        000000
__size_of_TMR1_Initialize                 (abs)        000000
__size_of_TMR1_StartTimer                 (abs)        000000
__size_of_TMR1_StopTimer                  (abs)        000000
__size_of_TMR1_WriteTimer                 (abs)        000000
__size_of_TMR2_DefaultInterruptHandler    (abs)        000000
__size_of_TMR2_ISR                        (abs)        000000
__size_of_TMR2_Initialize                 (abs)        000000
__size_of_TMR2_SetInterruptHandler        (abs)        000000
__size_of_TMR2_Stop                       (abs)        000000
__size_of_TMR2_UserInterruptHandler       (abs)        000000
__size_of_TMR4_Initialize                 (abs)        000000
__size_of___aodiv                         (abs)        000000
__size_of___aomod                         (abs)        000000
__size_of___wmul                          (abs)        000000
__size_of_abs                             (abs)        000000
__size_of_atoi                            (abs)        000000
__size_of_check4Start                     (abs)        000000
__size_of_digipot_setWiper                (abs)        000000
__size_of_dtoa                            (abs)        000000
__size_of_expander_sendByte               (abs)        000000
__size_of_expander_setOutput              (abs)        000000
__size_of_expander_setup                  (abs)        000000
__size_of_fputc                           (abs)        000000
__size_of_fputs                           (abs)        000000
__size_of_isalpha                         (abs)        000000
__size_of_isdigit                         (abs)        000000
__size_of_islower                         (abs)        000000
__size_of_isspace                         (abs)        000000
__size_of_isupper                         (abs)        000000
__size_of_lcd_clearDisplay                (abs)        000000
__size_of_lcd_returnHome                  (abs)        000000
__size_of_lcd_sendByte                    (abs)        000000
__size_of_lcd_sendNibble                  (abs)        000000
__size_of_lcd_setAddr                     (abs)        000000
__size_of_lcd_setContrast                 (abs)        000000
__size_of_lcd_setup                       (abs)        000000
__size_of_lcd_writeChar                   (abs)        000000
__size_of_lcd_writeString                 (abs)        000000
__size_of_main                            (abs)        000000
__size_of_pad                             (abs)        000000
__size_of_putch                           (abs)        000000
__size_of_spi_master_open                 (abs)        000000
__size_of_sprintf                         (abs)        000000
__size_of_strlen                          (abs)        000000
__size_of_toupper                         (abs)        000000
__size_of_vfpfcnvrt                       (abs)        000000
__size_of_vfprintf                        (abs)        000000
__size_of_xtoa                            (abs)        000000
__size_ofi2_TMR1_WriteTimer               (abs)        000000
__smallconst                              smallconst   000000
_abs                                      text50       011A62
_atoi                                     text53       010C34
_atoi$2683                                cstackCOMRAM 000016
_atoi$2684                                cstackCOMRAM 00001A
_atoi$2685                                cstackCOMRAM 000018
_ccpCapturedFlag                          bssBANK0     0000B3
_ccpCapturedVal                           bssBANK0     0000AF
_ccpCapturedValueBuf                      bssBANK1     000100
_check4Start                              text25       011A20
_dbuf                                     bssBANK0     0000B4
_digipot_setWiper                         text23       011E6A
_dtoa                                     text44       0103BE
_dtoa$2636                                cstackCOMRAM 000034
_dutyCycleValArr                          mediumconst  00FF0F
_expander_sendByte                        text63       011D44
_expander_setOutput                       text62       012144
_expander_setup                           text5        012152
_fallingEdgeDetected                      bssCOMRAM    000057
_flags                                    bssCOMRAM    000055
_fputc                                    text48       0112E4
_fputs                                    text47       0119DC
_index                                    bssBANK0     0000B2
_isalpha                                  text43       011ADE
_isdigit                                  text55       011C36
_islower                                  text41       011BC6
_isspace                                  text54       0118FA
_isspace$2710                             cstackCOMRAM 00000D
_isupper                                  text42       011BFE
_lcd_clearDisplay                         text4        012062
_lcd_returnHome                           text60       012092
_lcd_sendByte                             text61       01170E
_lcd_sendNibble                           text3        011998
_lcd_setAddr                              text59       012104
_lcd_setContrast                          text22       01215E
_lcd_setup                                text2        0115D2
_lcd_writeChar                            text58       012136
_lcd_writeString                          text57       011678
_main                                     text0        011AA2
_nout                                     bssBANK0     0000AB
_pad                                      text45       0113AE
_prec                                     bssCOMRAM    000053
_putch                                    text49       01218C
_spi1_configuration                       mediumconst  00FF17
_spiMaster                                mediumconst  00FEF1
_spi_master_open                          text64       011D76
_sprintf                                  text36       0118A8
_strlen                                   text46       011CA4
_timer1ReloadVal                          nvBANK0      0000FA
_toupper                                  text40       0117F8
_toupper$2764                             cstackCOMRAM 000013
_vfpfcnvrt                                text38       010000
_vfpfcnvrt$2662                           cstackBANK0  000070
_vfprintf                                 text37       011792
_width                                    bssBANK0     0000AD
_xtoa                                     text39       01069C
_xtoa$2647                                cstackCOMRAM 000035
_xtoa$2648                                cstackCOMRAM 000037
abs@a                                     cstackCOMRAM 000019
atoi@n                                    cstackCOMRAM 00001B
atoi@neg                                  cstackCOMRAM 000014
atoi@s                                    cstackCOMRAM 00000E
btemp                                     temp         000058
digipot_setWiper@cmd                      cstackCOMRAM 00000F
digipot_setWiper@val                      cstackCOMRAM 00000E
dtoa@d                                    cstackCOMRAM 000024
dtoa@fp                                   cstackCOMRAM 000022
dtoa@i                                    cstackCOMRAM 000044
dtoa@n                                    cstackCOMRAM 00003C
dtoa@p                                    cstackCOMRAM 000036
dtoa@s                                    cstackCOMRAM 00003A
dtoa@w                                    cstackCOMRAM 000038
end_of_initialization                     cinit        01198E
expander_sendByte@addr                    cstackCOMRAM 00000F
expander_sendByte@byte                    cstackCOMRAM 00000E
expander_sendByte@cmd                     cstackCOMRAM 000010
expander_setOutput@output                 cstackCOMRAM 000013
fputc@c                                   cstackCOMRAM 000007
fputc@fp                                  cstackCOMRAM 000009
fputs@c                                   cstackCOMRAM 000014
fputs@fp                                  cstackCOMRAM 000012
fputs@i                                   cstackCOMRAM 000015
fputs@s                                   cstackCOMRAM 000010
i2TMR1_WriteTimer@timerVal                cstackCOMRAM 000001
i2_TMR1_WriteTimer                        text79       011F40
int$flags                                 temp         000058
intlevel0                                 text         000000
intlevel1                                 text         000000
intlevel2                                 text         000000
intlevel3                                 text         000000
isalpha@c                                 cstackCOMRAM 000007
isdigit@c                                 cstackCOMRAM 000007
islower@c                                 cstackCOMRAM 000007
isspace@c                                 cstackCOMRAM 000007
[...]
Total ram usage:        2 bytes
 Hardware stack levels used:    1
 Hardware stack levels required when called:    3
 This function calls:
		_CCP1_CaptureISR
		_TMR2_ISR
 This function is called by:
		Interrupt level 2
 This function uses a non-reentrant model


 *************** function _TMR2_ISR *****************
 Defined at:
		line 166 in file "mcc_generated_files/tmr2.c"
 Parameters:    Size  Location     Type
		None
 Auto vars:     Size  Location     Type
		None
 Return value:  Size  Location     Type
                  1    wreg      void 
 Registers used:
		wreg, status,2, status,0, pclath, tosl, cstack
 Tracked objects:
		On entry : 
		On exit  : 
		Unchanged: 
 Data sizes:     COMRAM   BANK0   BANK1   BANK2   BANK3   BANK4   BANK5   BANK6   BANK7   BANK8   BANK9  BANK10  BANK11  BANK12  BANK13  BANK14
      Params:         0       0       0       0       0       0       0       0       0       0       0       0       0       0       0       0
      Locals:         0       0       0       0       0       0       0       0       0       0       0       0       0       0       0       0
      Temps:          0       0       0       0       0       0       0       0       0       0       0       0       0       0       0       0
      Totals:         0       0       0       0       0       0       0       0       0       0       0       0       0       0       0       0
Total ram usage:        0 bytes
 Hardware stack levels used:    1
 Hardware stack levels required when called:    2
 This function calls:
		Absolute function
		_TMR2_DefaultInterruptHandler
		_TMR2_UserInterruptHandler
 This function is called by:
		_INTERRUPT_InterruptManager
 This function uses a non-reentrant model


 *************** function _TMR2_DefaultInterruptHandler *****************
 Defined at:
		line 183 in file "mcc_generated_files/tmr2.c"
 Parameters:    Size  Location     Type
		None
 Auto vars:     Size  Location     Type
		None
 Return value:  Size  Location     Type
                  1    wreg      void 
 Registers used:
		None
 Tracked objects:
		On entry : 
		On exit  : 
		Unchanged: 
 Data sizes:     COMRAM   BANK0   BANK1   BANK2   BANK3   BANK4   BANK5   BANK6   BANK7   BANK8   BANK9  BANK10  BANK11  BANK12  BANK13  BANK14
      Params:         0       0       0       0       0       0       0       0       0       0       0       0       0       0       0       0
      Locals:         0       0       0       0       0       0       0       0       0       0       0       0       0       0       0       0
      Temps:          0       0       0       0       0       0       0       0       0       0       0       0       0       0       0       0
      Totals:         0       0       0       0       0       0       0       0       0       0       0       0       0       0       0       0
Total ram usage:        0 bytes
 Hardware stack levels used:    1
 This function calls:
		Nothing
 This function is called by:
		_TMR2_Initialize
		_TMR2_ISR
 This function uses a non-reentrant model


 *************** function _TMR2_UserInterruptHandler *****************
 Defined at:
		line 398 in file "application.c"
 Parameters:    Size  Location     Type
		None
 Auto vars:     Size  Location     Type
		None
 Return value:  Size  Location     Type
                  1    wreg      void 
 Registers used:
		wreg, status,2, cstack
 Tracked objects:
		On entry : 
		On exit  : 
		Unchanged: 
 Data sizes:     COMRAM   BANK0   BANK1   BANK2   BANK3   BANK4   BANK5   BANK6   BANK7   BANK8   BANK9  BANK10  BANK11  BANK12  BANK13  BANK14
      Params:         0       0       0       0       0       0       0       0       0       0       0       0       0       0       0       0
      Locals:         0       0       0       0       0       0       0       0       0       0       0       0       0       0       0       0
      Temps:          0       0       0       0       0       0       0       0       0       0       0       0       0       0       0       0
      Totals:         0       0       0       0       0       0       0       0       0       0       0       0       0       0       0       0
Total ram usage:        0 bytes
 Hardware stack levels used:    1
 Hardware stack levels required when called:    1
 This function calls:
		_TMR2_Stop
 This function is called by:
		_main
		_TMR2_ISR
 This function uses a non-reentrant model


 *************** function _TMR2_Stop *****************
 Defined at:
		line 120 in file "mcc_generated_files/tmr2.c"
 Parameters:    Size  Location     Type
		None
 Auto vars:     Size  Location     Type
		None
 Return value:  Size  Location     Type
                  1    wreg      void 
 Registers used:
		None
 Tracked objects:
		On entry : 
		On exit  : 
		Unchanged: 
 Data sizes:     COMRAM   BANK0   BANK1   BANK2   BANK3   BANK4   BANK5   BANK6   BANK7   BANK8   BANK9  BANK10  BANK11  BANK12  BANK13  BANK14
      Params:         0       0       0       0       0       0       0       0       0       0       0       0       0       0       0       0
      Locals:         0       0       0       0       0       0       0       0       0       0       0       0       0       0       0       0
      Temps:          0       0       0       0       0       0       0       0       0       0       0       0       0       0       0       0
      Totals:         0       0       0       0       0       0       0       0       0       0       0       0       0       0       0       0
Total ram usage:        0 bytes
 Hardware stack levels used:    1
 This function calls:
		Nothing
 This function is called by:
		_TMR2_UserInterruptHandler
		_TMR2_StopTimer
 This function uses a non-reentrant model


 *************** function _CCP1_CaptureISR *****************
 Defined at:
		line 96 in file "mcc_generated_files/ccp1.c"
 Parameters:    Size  Location     Type
		None
 Auto vars:     Size  Location     Type
  module          2    2[COMRAM] struct CCPR1Reg_tag
 Return value:  Size  Location     Type
                  1    wreg      void 
 Registers used:
		wreg, status,2, pclath, tosl, cstack
 Tracked objects:
		On entry : 
		On exit  : 
		Unchanged: 
 Data sizes:     COMRAM   BANK0   BANK1   BANK2   BANK3   BANK4   BANK5   BANK6   BANK7   BANK8   BANK9  BANK10  BANK11  BANK12  BANK13  BANK14
      Params:         0       0       0       0       0       0       0       0       0       0       0       0       0       0       0       0
      Locals:         2       0       0       0       0       0       0       0       0       0       0       0       0       0       0       0
      Temps:          0       0       0       0       0       0       0       0       0       0       0       0       0       0       0       0
      Totals:         2       0       0       0       0       0       0       0       0       0       0       0       0       0       0       0
Total ram usage:        2 bytes
 Hardware stack levels used:    1
 Hardware stack levels required when called:    2
 This function calls:
		Absolute function
		_CCP1_DefaultCallBack
		_CCP1_UserInterruptHandler
 This function is called by:
		_INTERRUPT_InterruptManager
 This function uses a non-reentrant model


 *************** function _CCP1_UserInterruptHandler *****************
 Defined at:
		line 416 in file "application.c"
 Parameters:    Size  Location     Type
		None
 Auto vars:     Size  Location     Type
		None
 Return value:  Size  Location     Type
                  1    wreg      void 
 Registers used:
		wreg, status,2, cstack
 Tracked objects:
		On entry : 
		On exit  : 
		Unchanged: 
 Data sizes:     COMRAM   BANK0   BANK1   BANK2   BANK3   BANK4   BANK5   BANK6   BANK7   BANK8   BANK9  BANK10  BANK11  BANK12  BANK13  BANK14
      Params:         0       0       0       0       0       0       0       0       0       0       0       0       0       0       0       0
      Locals:         0       0       0       0       0       0       0       0       0       0       0       0       0       0       0       0
      Temps:          0       0       0       0       0       0       0       0       0       0       0       0       0       0       0       0
      Totals:         0       0       0       0       0       0       0       0       0       0       0       0       0       0       0       0
Total ram usage:        0 bytes
 Hardware stack levels used:    1
 Hardware stack levels required when called:    1
 This function calls:
		i2_TMR1_WriteTimer
 This function is called by:
		_main
		_CCP1_CaptureISR
 This function uses a non-reentrant model


 *************** function i2_TMR1_WriteTimer *****************
 Defined at:
		line 120 in file "mcc_generated_files/tmr1.c"
 Parameters:    Size  Location     Type
  timerVal        2    0[COMRAM] unsigned short 
 Auto vars:     Size  Location     Type
		None
 Return value:  Size  Location     Type
                  1    wreg      void 
 Registers used:
		wreg, status,2
 Tracked objects:
		On entry : 
		On exit  : 
		Unchanged: 
 Data sizes:     COMRAM   BANK0   BANK1   BANK2   BANK3   BANK4   BANK5   BANK6   BANK7   BANK8   BANK9  BANK10  BANK11  BANK12  BANK13  BANK14
      Params:         2       0       0       0       0       0       0       0       0       0       0       0       0       0       0       0
      Locals:         0       0       0       0       0       0       0       0       0       0       0       0       0       0       0       0
      Temps:          0       0       0       0       0       0       0       0       0       0       0       0       0       0       0       0
      Totals:         2       0       0       0       0       0       0       0       0       0       0       0       0       0       0       0
Total ram usage:        2 bytes
 Hardware stack levels used:    1
 This function calls:
		Nothing
 This function is called by:
		_CCP1_UserInterruptHandler
 This function uses a non-reentrant model


 *************** function _CCP1_DefaultCallBack *****************
 Defined at:
		line 62 in file "mcc_generated_files/ccp1.c"
 Parameters:    Size  Location     Type
  capturedValu    2    0[COMRAM] unsigned short 
 Auto vars:     Size  Location     Type
		None
 Return value:  Size  Location     Type
                  1    wreg      void 
 Registers used:
		None
 Tracked objects:
		On entry : 
		On exit  : 
		Unchanged: 
 Data sizes:     COMRAM   BANK0   BANK1   BANK2   BANK3   BANK4   BANK5   BANK6   BANK7   BANK8   BANK9  BANK10  BANK11  BANK12  BANK13  BANK14
      Params:         2       0       0       0       0       0       0       0       0       0       0       0       0       0       0       0
      Locals:         0       0       0       0       0       0       0       0       0       0       0       0       0       0       0       0
      Temps:          0       0       0       0       0       0       0       0       0       0       0       0       0       0       0       0
      Totals:         2       0       0       0       0       0       0       0       0       0       0       0       0       0       0       0
Total ram usage:        2 bytes
 Hardware stack levels used:    1
 This function calls:
		Nothing
 This function is called by:
		_CCP1_Initialize
		_CCP1_CaptureISR
 This function uses a non-reentrant model



MODULE INFORMATION

Module		Function		Class		Link	Load	Size
C:\Program Files\Microchip\xc8\v2.30\pic\sources\c99\common\aomod.c
		___aomod       		CODE           	10F60	0000	356

C:\Program Files\Microchip\xc8\v2.30\pic\sources\c99\common\aomod.c estimated size: 356

mcc_generated_files/ccp1.c
		_CCP1_SetCallBack		CODE           	12128	0000	14
		_CCP1_CaptureISR		CODE           	11DA8	0000	50
		_CCP1_DefaultCallBack		CODE           	12190	0000	2
		_CCP1_Initialize		CODE           	11E0A	0000	48

mcc_generated_files/ccp1.c estimated size: 114

mcc_generated_files/LCDMiniDrivers/lcd.c
		_lcd_sendByte  		CODE           	1170E	0000	132
		_lcd_setup     		CODE           	115D2	0000	166
		_lcd_setAddr   		CODE           	12104	0000	22
		_lcd_returnHome		CODE           	12092	0000	24
		_lcd_sendNibble		CODE           	11998	0000	68
		_lcd_writeString		CODE           	11678	0000	150
		_lcd_clearDisplay		CODE           	12062	0000	24
		_lcd_setContrast		CODE           	1215E	0000	10
		_lcd_writeChar 		CODE           	12136	0000	14

mcc_generated_files/LCDMiniDrivers/lcd.c estimated size: 610

C:\Program Files\Microchip\xc8\v2.30\pic\sources\c99\common\abs.c
		_abs           		CODE           	11A62	0000	64

C:\Program Files\Microchip\xc8\v2.30\pic\sources\c99\common\abs.c estimated size: 64

C:\Program Files\Microchip\xc8\v2.30\pic\sources\c99\common\doprnt.c
		_vfpfcnvrt     		CODE           	10000	0000	958
		_pad           		CODE           	113AE	0000	194
		_dtoa          		CODE           	103BE	0000	734
		_vfprintf      		CODE           	11792	0000	102
		_xtoa          		CODE           	1069C	0000	724

C:\Program Files\Microchip\xc8\v2.30\pic\sources\c99\common\doprnt.c estimated size: 2712

C:\Program Files\Microchip\xc8\v2.30\pic\sources\c99\common\atoi.c
		_atoi          		CODE           	10C34	0000	420

C:\Program Files\Microchip\xc8\v2.30\pic\sources\c99\common\atoi.c estimated size: 420

C:\Program Files\Microchip\xc8\v2.30\pic\sources\c99\common\putch.c
		_putch         		CODE           	1218C	0000	2

C:\Program Files\Microchip\xc8\v2.30\pic\sources\c99\common\putch.c estimated size: 2

mcc_generated_files/tmr4.c
		_TMR4_Initialize		CODE           	11FD2	0000	30

mcc_generated_files/tmr4.c estimated size: 30

C:\Program Files\Microchip\xc8\v2.30\pic\sources\c99\common\isdigit.c
		_isdigit       		CODE           	11C36	0000	56

C:\Program Files\Microchip\xc8\v2.30\pic\sources\c99\common\isdigit.c estimated size: 56

C:\Program Files\Microchip\xc8\v2.30\pic\sources\c99\common\nf_fputs.c
		_fputs         		CODE           	119DC	0000	68

C:\Program Files\Microchip\xc8\v2.30\pic\sources\c99\common\nf_fputs.c estimated size: 68

mcc_generated_files/tmr2.c
		_TMR2_ISR      		CODE           	11CDA	0000	54
		_TMR2_Initialize		CODE           	11DDA	0000	48
		_TMR2_Stop     		CODE           	12188	0000	4
		_TMR2_SetInterruptHandler		CODE           	1211A	0000	14
		_TMR2_DefaultInterruptHandler		CODE           	1218E	0000	2

mcc_generated_files/tmr2.c estimated size: 122

mcc_generated_files/LCDMiniDrivers/expander.c
		_expander_setOutput		CODE           	12144	0000	14
		_expander_sendByte		CODE           	11D44	0000	50
		_expander_setup		CODE           	12152	0000	12

mcc_generated_files/LCDMiniDrivers/expander.c estimated size: 76

mcc_generated_files/interrupt_manager.c
		_INTERRUPT_Initialize		CODE           	12178	0000	4
		_INTERRUPT_InterruptManager		CODE           	0008	0000	110

mcc_generated_files/interrupt_manager.c estimated size: 114

mcc_generated_files/pwm2.c
		_PWM2_Initialize		CODE           	120D8	0000	22

mcc_generated_files/pwm2.c estimated size: 22

C:\Program Files\Microchip\xc8\v2.30\pic\sources\c99\common\Umul16.c
		___wmul        		CODE           	11F68	0000	38

C:\Program Files\Microchip\xc8\v2.30\pic\sources\c99\common\Umul16.c estimated size: 38

mcc_generated_files/pin_manager.c
		_PIN_MANAGER_Initialize		CODE           	11528	0000	170

mcc_generated_files/pin_manager.c estimated size: 170

C:\Program Files\Microchip\xc8\v2.30\pic\sources\c99\common\aodiv.c
		___aodiv       		CODE           	10DD8	0000	392

C:\Program Files\Microchip\xc8\v2.30\pic\sources\c99\common\aodiv.c estimated size: 392

mcc_generated_files/spi1.c
		_SPI1_WriteBlock		CODE           	11B54	0000	58
		_SPI1_Open     		CODE           	11470	0000	184
		_SPI1_Initialize		CODE           	11F8E	0000	36
		_SPI1_Close    		CODE           	12184	0000	4
		_SPI1_ExchangeByte		CODE           	1202A	0000	28

mcc_generated_files/spi1.c estimated size: 310

mcc_generated_files/LCDMiniDrivers/digpot.c
		_digipot_setWiper		CODE           	11E6A	0000	46

mcc_generated_files/LCDMiniDrivers/digpot.c estimated size: 46

C:\Program Files\Microchip\xc8\v2.30\pic\sources\c99\common\isupper.c
		_isupper       		CODE           	11BFE	0000	56

C:\Program Files\Microchip\xc8\v2.30\pic\sources\c99\common\isupper.c estimated size: 56

mcc_generated_files/drivers/spi_master.c
		_spi_master_open		CODE           	11D76	0000	50
		_LCD_open      		CODE           	12170	0000	8

mcc_generated_files/drivers/spi_master.c estimated size: 58

shared
		__initialization		CODE           	1194C	0000	66
		i2_TMR1_WriteTimer		CODE           	11F40	0000	40
		_dutyCycleValArr		MEDIUMCONST    	FF0F	0000	8
		_spiMaster     		MEDIUMCONST    	FEF1	0000	30
		_spi1_configuration		MEDIUMCONST    	FF17	0000	8

shared estimated size: 152

C:\Program Files\Microchip\xc8\v2.30\pic\sources\c99\common\nf_fputc.c
		_fputc         		CODE           	112E4	0000	202

C:\Program Files\Microchip\xc8\v2.30\pic\sources\c99\common\nf_fputc.c estimated size: 202

mcc_generated_files/mcc.c
		_PMD_Initialize		CODE           	1200E	0000	28
		_OSCILLATOR_Initialize		CODE           	1207A	0000	24
		_SYSTEM_Initialize		CODE           	11B1A	0000	58

mcc_generated_files/mcc.c estimated size: 110

C:\Program Files\Microchip\xc8\v2.30\pic\sources\c99\common\strlen.c
		_strlen        		CODE           	11CA4	0000	54

C:\Program Files\Microchip\xc8\v2.30\pic\sources\c99\common\strlen.c estimated size: 54

mcc_generated_files/pwm3.c
		_PWM3_Initialize		CODE           	120C2	0000	22
		_PWM3_LoadDutyValue		CODE           	11D10	0000	52

mcc_generated_files/pwm3.c estimated size: 74

mcc_generated_files/tmr1.c
		_TMR1_Initialize		CODE           	11C6E	0000	54
		_TMR1_StopTimer		CODE           	12180	0000	4
		_TMR1_WriteTimer		CODE           	11F18	0000	40
		_TMR1_StartTimer		CODE           	1217C	0000	4
		_TMR1_HasOverflowOccured		CODE           	120EE	0000	22

mcc_generated_files/tmr1.c estimated size: 124

C:\Program Files\Microchip\xc8\v2.30\pic\sources\c99\common\islower.c
		_islower       		CODE           	11BC6	0000	56

C:\Program Files\Microchip\xc8\v2.30\pic\sources\c99\common\islower.c estimated size: 56

C:\Program Files\Microchip\xc8\v2.30\pic\sources\c99\common\nf_sprintf.c
		_sprintf       		CODE           	118A8	0000	82

C:\Program Files\Microchip\xc8\v2.30\pic\sources\c99\common\nf_sprintf.c estimated size: 82

mcc_generated_files/delay.c
		_DELAY_milliseconds		CODE           	11E3A	0000	48

mcc_generated_files/delay.c estimated size: 48

C:\Program Files\Microchip\xc8\v2.30\pic\sources\c99\common\toupper.c
		_toupper       		CODE           	117F8	0000	94

C:\Program Files\Microchip\xc8\v2.30\pic\sources\c99\common\toupper.c estimated size: 94

C:\Program Files\Microchip\xc8\v2.30\pic\sources\c99\common\isalpha.c
		_isalpha       		CODE           	11ADE	0000	60

C:\Program Files\Microchip\xc8\v2.30\pic\sources\c99\common\isalpha.c estimated size: 60

application.c
		_ControlAction 		CODE           	111F2	0000	242
		_DisableCapture		CODE           	11EF0	0000	40
		_TMR2_UserInterruptHandler		CODE           	120AA	0000	24
		_Init4nextFrame		CODE           	12168	0000	8
		_Reverse       		CODE           	11856	0000	82
		_CCP1_UserInterruptHandler		CODE           	12046	0000	28
		_GetEvent      		CODE           	11FF0	0000	30
		_check4Start   		CODE           	11A20	0000	66
		_ApplicationTask		CODE           	10970	0000	708
		_Init_display  		CODE           	11B8E	0000	56
		_DecodeCmd     		CODE           	110C4	0000	302

application.c estimated size: 1586

C:\Program Files\Microchip\xc8\v2.30\pic\sources\c99\common\isspace.c
		_isspace       		CODE           	118FA	0000	82

C:\Program Files\Microchip\xc8\v2.30\pic\sources\c99\common\isspace.c estimated size: 82

main.c
		_main          		CODE           	11AA2	0000	60

main.c estimated size: 60

mcc_generated_files/clc3.c
		_CLC3_Initialize		CODE           	11E98	0000	44

mcc_generated_files/clc3.c estimated size: 44

mcc_generated_files/clc1.c
		_CLC1_Initialize		CODE           	11EC4	0000	44

mcc_generated_files/clc1.c estimated size: 44

